Microchip MPLAB XC8 Compiler V2.35

Linker command line:

-W-3 --edf=C:\Program Files\Microchip\xc8\v2.35\pic\dat\en_msgs.txt -cn \
  -h+dist/default/production\SP3_2.production.sym \
  --cmf=dist/default/production\SP3_2.production.cmf -z -Q18F4520 \
  -oC:\Users\sergi\AppData\Local\Temp\xcAs2sfo.4 --defsym=__MPLAB_BUILD=1 \
  -Mdist/default/production/SP3_2.production.map \
  --md=C:\Users\sergi\AppData\Local\Temp\xcAs2sfo.dat -E1 -ver=XC8 Compiler \
  --acfsm=1493 -ACODE=00h-07FFFh -ACONST=00h-07FFFh \
  -ASMALLCONST=0600h-06FFhx122 -AMEDIUMCONST=0600h-07FFFh -ACOMRAM=01h-07Fh \
  -AABS1=00h-05FFh -ABIGRAM=01h-05FFh -ARAM=080h-0FFh,0100h-01FFhx5 \
  -ABANK0=080h-0FFh -ABANK1=0100h-01FFh -ABANK2=0200h-02FFh \
  -ABANK3=0300h-03FFh -ABANK4=0400h-04FFh -ABANK5=0500h-05FFh \
  -ASFR=0F80h-0FFFh -ABIGSFR=0F80h-0FFFh -ACONFIG=0300000h-030000Dh \
  -AIDLOC=0200000h-0200007h -AEEDATA=0F00000h-0F000FFh -peeprom_data=EEDATA \
  -preset_vec=00h,intcode=08h,intcodelo,powerup,init -pramtop=0600h \
  -psmallconst=SMALLCONST -pmediumconst=MEDIUMCONST -pconst=CONST \
  -AFARRAM=00h-00h \
  -prdata=COMRAM,nvrram=COMRAM,nvbit=COMRAM,rbss=COMRAM,rbit=COMRAM \
  -pfarbss=FARRAM,fardata=FARRAM,nvFARRAM=FARRAM \
  -pintsave_regs=BIGRAM,bigbss=BIGRAM,bigdata=BIGRAM -pbss=RAM \
  -pidata=CODE,irdata=CODE,ibigdata=CODE,ifardata=CODE -prparam=COMRAM \
  C:\Users\sergi\AppData\Local\Temp\xcAs2sfo.o \
  dist/default/production\SP3_2.production.o 

Object code version is 3.11

Machine type is 18F4520



                Name                               Link     Load   Length Selector   Space Scale
C:\Users\sergi\AppData\Local\Temp\xcAs2sfo.o
                idloc                            200000   200000        8        0       5
                config                           300000   300000        E        0       4
                init                                  E        E        4        4       0
                reset_vec                             0        0        4        0       0
dist/default/production\SP3_2.production.o
                intcode                               8        8        6        4       0
                idloc                            200000   200000        8        0       5
                config                           300000   300000        E        0       4
                temp                                 19       19        1        1       1
                intcode_body                        330      330       32        4       0
                text6                               250      250       62        4       0
                text5                               2F8      2F8       38        4       0
                text4                               1AA      1AA       A6        4       0
                text3                                12       12       D6        4       0
                text2                                E8       E8       C2        4       0
                text1                               362      362       28        4       0
                text0                               2B2      2B2       46        4       0
                cstackCOMRAM                          D        D        B        1       1
                bssCOMRAM                             1        1        C        1       1
                cinit                               38A      38A       1A        4       0
                nvCOMRAM                             18       18        1        1       1

TOTAL           Name                               Link     Load   Length     Space
        CLASS   CODE           
                intcode                               8        8        6         0
                init                                  E        E        4         0
                reset_vec                             0        0        4         0
                intcode_body                        330      330       32         0
                text6                               250      250       62         0
                text5                               2F8      2F8       38         0
                text4                               1AA      1AA       A6         0
                text3                                12       12       D6         0
                text2                                E8       E8       C2         0
                text1                               362      362       28         0
                text0                               2B2      2B2       46         0
                cinit                               38A      38A       1A         0

        CLASS   CONST          

        CLASS   SMALLCONST     

        CLASS   MEDIUMCONST    

        CLASS   COMRAM         
                temp                                 19       19        1         1
                cstackCOMRAM                          D        D        B         1
                bssCOMRAM                             1        1        C         1
                nvCOMRAM                             18       18        1         1

        CLASS   ABS1           

        CLASS   BIGRAM         

        CLASS   RAM            

        CLASS   BANK0          

        CLASS   BANK1          

        CLASS   BANK2          

        CLASS   BANK3          

        CLASS   BANK4          

        CLASS   BANK5          

        CLASS   SFR            

        CLASS   BIGSFR         

        CLASS   CONFIG         
                config                           300000   300000        E         4

        CLASS   IDLOC          
                idloc                            200000   200000        8         5

        CLASS   EEDATA         

        CLASS   FARRAM         

        CLASS   HEAP           

        CLASS   STACK          



SEGMENTS        Name                           Load    Length   Top    Selector   Space  Class

                reset_vec                      000000  000004  000004         0       0  CODE    
                bssCOMRAM                      000001  000019  00001A         1       1  COMRAM  
                intcode                        000008  00039C  0003A4         4       0  CODE    


UNUSED ADDRESS RANGES

        Name                Unused          Largest block    Delta
        BANK0            000080-0000FF               80
        BANK1            000100-0001FF              100
        BANK2            000200-0002FF              100
        BANK3            000300-0003FF              100
        BANK4            000400-0004FF              100
        BANK5            000500-0005FF              100
        BIGRAM           00001A-0005FF              5E6
        BIGSFR           000F80-000FFF               80
        CODE             000004-000007                4
                         0003A4-007FFF             7C5C
        COMRAM           00001A-00007F               66
        CONST            000004-000007                4
                         0003A4-007FFF             7C5C
        EEDATA           F00000-F000FF              100
        MEDIUMCONST      000600-007FFF             7A00
        RAM              000080-0005FF              100
        SFR              000F80-000FFF               80
        SMALLCONST       000600-007FFF              100

                                  Symbol Table

_ADCON1                  (abs)        000FC1
_GIE                     (abs)        007F97
_INT0IE                  (abs)        007F94
_INT0IF                  (abs)        007F91
_INT1IE                  (abs)        007F83
_INT1IF                  (abs)        007F80
_INTEDG0                 (abs)        007F8E
_INTEDG1                 (abs)        007F8D
_ISR                     intcode      000008
_LATA                    (abs)        000F89
_LATB                    (abs)        000F8A
_LATC                    (abs)        000F8B
_LATD                    (abs)        000F8C
_LATE                    (abs)        000F8D
_PORTA                   (abs)        000F80
_PORTB                   (abs)        000F81
_PORTC                   (abs)        000F82
_PORTD                   (abs)        000F83
_PORTE                   (abs)        000F84
_TRISA                   (abs)        000F92
_TRISB                   (abs)        000F93
_TRISC                   (abs)        000F94
_TRISD                   (abs)        000F95
_TRISE                   (abs)        000F96
__HRAM                   (abs)        000000
__Habs1                  abs1         000000
__Hbank0                 bank0        000000
__Hbank1                 bank1        000000
__Hbank2                 bank2        000000
__Hbank3                 bank3        000000
__Hbank4                 bank4        000000
__Hbank5                 bank5        000000
__Hbigbss                bigbss       000000
__Hbigdata               bigdata      000000
__Hbigram                bigram       000000
__Hbigsfr                bigsfr       000000
__Hbss                   bss          000000
__HbssCOMRAM             bssCOMRAM    000000
__Hcinit                 cinit        000000
__Hclrtext               clrtext      000000
__Hcomram                comram       000000
__Hconfig                config       30000E
__Hconst                 const        000000
__HcstackCOMRAM          cstackCOMRAM 000000
__Hdata                  data         000000
__Heeprom_data           eeprom_data  000000
__Hfarbss                farbss       000000
__Hfardata               fardata      000000
__Hheap                  heap         000000
__Hibigdata              ibigdata     000000
__Hidata                 idata        000000
__Hidloc                 idloc        200008
__Hifardata              ifardata     000000
__Hinit                  init         000012
__Hintcode               intcode      00000E
__Hintcode_body          intcode_body 000000
__Hintcodelo             intcodelo    00000E
__Hintentry              intentry     000000
__Hintret                intret       000000
__Hintsave_regs          intsave_regs 000000
__Hirdata                irdata       000000
__Hmediumconst           mediumconst  000000
__HnvCOMRAM              nvCOMRAM     000000
__HnvFARRAM              nvFARRAM     000000
__Hnvbit                 nvbit        000000
__Hnvrram                nvrram       000000
__Hparam                 rparam       000000
__Hpowerup               powerup      00000E
__Hram                   ram          000000
__Hramtop                ramtop       000600
__Hrbit                  rbit         000000
__Hrbss                  rbss         000000
__Hrdata                 rdata        000000
__Hreset_vec             reset_vec    000004
__Hrparam                rparam       000000
__Hsfr                   sfr          000000
__Hsmallconst            smallconst   000000
__Hspace_0               (abs)        000600
__Hspace_1               (abs)        00001A
__Hspace_2               (abs)        000000
__Hspace_4               (abs)        60000E
__Hstack                 stack        000000
__Hstruct                struct       000000
__Htemp                  temp         00001A
__Htext                  text         000000
__Htext0                 text0        000000
__Htext1                 text1        000000
__Htext2                 text2        000000
__Htext3                 text3        000000
__Htext4                 text4        000000
__Htext5                 text5        000000
__Htext6                 text6        000000
__LRAM                   (abs)        000001
__Labs1                  abs1         000000
__Lbank0                 bank0        000000
__Lbank1                 bank1        000000
__Lbank2                 bank2        000000
__Lbank3                 bank3        000000
__Lbank4                 bank4        000000
__Lbank5                 bank5        000000
__Lbigbss                bigbss       000000
__Lbigdata               bigdata      000000
__Lbigram                bigram       000000
__Lbigsfr                bigsfr       000000
__Lbss                   bss          000000
__LbssCOMRAM             bssCOMRAM    000000
__Lcinit                 cinit        000000
__Lclrtext               clrtext      000000
__Lcomram                comram       000000
__Lconfig                config       000000
__Lconst                 const        000000
__LcstackCOMRAM          cstackCOMRAM 000000
__Ldata                  data         000000
__Leeprom_data           eeprom_data  000000
__Lfarbss                farbss       000000
__Lfardata               fardata      000000
__Lheap                  heap         000000
__Libigdata              ibigdata     000000
__Lidata                 idata        000000
__Lidloc                 idloc        000000
__Lifardata              ifardata     000000
__Linit                  init         00000E
__Lintcode               intcode      000008
__Lintcode_body          intcode_body 000000
__Lintcodelo             intcodelo    00000E
__Lintentry              intentry     000000
__Lintret                intret       000000
__Lintsave_regs          intsave_regs 000000
__Lirdata                irdata       000000
__Lmediumconst           mediumconst  000000
__LnvCOMRAM              nvCOMRAM     000000
__LnvFARRAM              nvFARRAM     000000
__Lnvbit                 nvbit        000000
__Lnvrram                nvrram       000000
__Lparam                 rparam       000000
__Lpowerup               powerup      00000E
__Lram                   ram          000000
__Lramtop                ramtop       000600
__Lrbit                  rbit         000000
__Lrbss                  rbss         000000
__Lrdata                 rdata        000000
__Lreset_vec             reset_vec    000000
__Lrparam                rparam       000000
__Lsfr                   sfr          000000
__Lsmallconst            smallconst   000000
__Lspace_0               (abs)        000000
__Lspace_1               (abs)        000000
__Lspace_2               (abs)        000000
__Lspace_4               (abs)        000000
__Lstack                 stack        000000
__Lstruct                struct       000000
__Ltemp                  temp         000019
__Ltext                  text         000000
__Ltext0                 text0        000000
__Ltext1                 text1        000000
__Ltext2                 text2        000000
__Ltext3                 text3        000000
__Ltext4                 text4        000000
__Ltext5                 text5        000000
__Ltext6                 text6        000000
__S0                     (abs)        0003A4
__S1                     (abs)        00001A
__S4                     (abs)        000000
__S5                     (abs)        000000
___heap_hi               (abs)        000000
___heap_lo               (abs)        000000
___inthi_sp              stack        000000
___intlo_sp              stack        000000
___param_bank            (abs)        000000
___rparam_used           (abs)        000001
___sp                    stack        000000
__accesstop              (abs)        000080
__activetblptr           (abs)        000002
__end_of_ISR             intcode_body 000362
__end_of__initialization cinit        000396
__end_of_datapath        text5        000330
__end_of_init_system     text6        0002B2
__end_of_main            text0        0002F8
__end_of_output_logic    text3        0000E8
__end_of_read_inputs     text4        000250
__end_of_state_logic     text2        0001AA
__end_of_write_outputs   text1        00038A
__initialization         cinit        00038A
__mediumconst            mediumconst  000000
__pbssCOMRAM             bssCOMRAM    000001
__pcinit                 cinit        00038A
__pcstackCOMRAM          cstackCOMRAM 00000D
__pintcode               intcode      000008
__pintcode_body          intcode_body 000330
__pnvCOMRAM              nvCOMRAM     000018
__ptext0                 text0        0002B2
__ptext1                 text1        000362
__ptext2                 text2        0000E8
__ptext3                 text3        000012
__ptext4                 text4        0001AA
__ptext5                 text5        0002F8
__ptext6                 text6        000250
__ramtop                 ramtop       000600
__smallconst             smallconst   000000
_current_state           nvCOMRAM     000018
_datapath                text5        0002F8
_init_system             text6        000250
_main                    text0        0002B2
_output_logic            text3        000012
_read_inputs             text4        0001AA
_state_logic             text2        0000E8
_var_CD_flag             bssCOMRAM    000008
_var_CLK_flag            bssCOMRAM    00000A
_var_Counter_mod64k      bssCOMRAM    000003
_var_ETP                 bssCOMRAM    00000B
_var_Max_Count           bssCOMRAM    000001
_var_PC                  bssCOMRAM    000005
_var_TC_flag             bssCOMRAM    000007
_var_TRG_flag            bssCOMRAM    000009
_var_Timer_out           bssCOMRAM    00000C
_write_outputs           text1        000362
btemp                    temp         000019
end_of_initialization    cinit        000396
int$flags                temp         000019
int_func                 intcode_body 000330
intlevel0                text         000000
intlevel1                text         000000
intlevel2                text         000000
intlevel3                text         000000
isa$std                  (abs)        000001
isa$xinst                (abs)        000000
output_logic@error       cstackCOMRAM 000017
read_inputs@var_Buff1    cstackCOMRAM 00000F
read_inputs@var_Buff2    cstackCOMRAM 000011
read_inputs@var_Buff3    cstackCOMRAM 000015
read_inputs@var_Buff4    cstackCOMRAM 000013
stackhi                  (abs)        000000
stacklo                  (abs)        000000
start                    init         00000E
start_initialization     cinit        00038A
state_logic@error        cstackCOMRAM 000017
ttemp5                   temp         00001A
ttemp6                   temp         00001D
ttemp7                   temp         000021
write_outputs@var_Buff1  cstackCOMRAM 00000E
wtemp8                   temp         00001A


MODULE INFORMATION

Module		Function		Class		Link	Load	Size
shared
		__initialization		CODE           	038A	0000	12

shared estimated size: 12

Prog_Timer.c
		_ISR           		CODE           	0008	0000	56
		_init_system   		CODE           	0250	0000	98
		_main          		CODE           	02B2	0000	70
		_state_logic   		CODE           	00E8	0000	194
		_read_inputs   		CODE           	01AA	0000	166
		_output_logic  		CODE           	0012	0000	214
		_write_outputs 		CODE           	0362	0000	40
		_datapath      		CODE           	02F8	0000	56

Prog_Timer.c estimated size: 894

