Microchip MPLAB XC8 Compiler V2.35

Linker command line:

-W-3 --edf=C:\Program Files\Microchip\xc8\v2.35\pic\dat\en_msgs.txt -cn \
  -h+dist/default/production\Counter_mod1572.production.sym \
  --cmf=dist/default/production\Counter_mod1572.production.cmf -z -Q18F4520 \
  -oC:\Users\sergi\AppData\Local\Temp\xcAsdts.4 --defsym=__MPLAB_BUILD=1 \
  -Mdist/default/production/Counter_mod1572.production.map \
  --md=C:\Users\sergi\AppData\Local\Temp\xcAsdts.dat -E1 -ver=XC8 Compiler \
  --acfsm=1493 -ACODE=00h-07FFFh -ACONST=00h-07FFFh \
  -ASMALLCONST=0600h-06FFhx122 -AMEDIUMCONST=0600h-07FFFh -ACOMRAM=01h-07Fh \
  -AABS1=00h-05FFh -ABIGRAM=01h-05FFh -ARAM=080h-0FFh,0100h-01FFhx5 \
  -ABANK0=080h-0FFh -ABANK1=0100h-01FFh -ABANK2=0200h-02FFh \
  -ABANK3=0300h-03FFh -ABANK4=0400h-04FFh -ABANK5=0500h-05FFh \
  -ASFR=0F80h-0FFFh -ABIGSFR=0F80h-0FFFh -ACONFIG=0300000h-030000Dh \
  -AIDLOC=0200000h-0200007h -AEEDATA=0F00000h-0F000FFh -peeprom_data=EEDATA \
  -preset_vec=00h,intcode=08h,intcodelo,powerup,init -pramtop=0600h \
  -psmallconst=SMALLCONST -pmediumconst=MEDIUMCONST -pconst=CONST \
  -AFARRAM=00h-00h \
  -prdata=COMRAM,nvrram=COMRAM,nvbit=COMRAM,rbss=COMRAM,rbit=COMRAM \
  -pfarbss=FARRAM,fardata=FARRAM,nvFARRAM=FARRAM \
  -pintsave_regs=BIGRAM,bigbss=BIGRAM,bigdata=BIGRAM -pbss=RAM \
  -pidata=CODE,irdata=CODE,ibigdata=CODE,ifardata=CODE -prparam=COMRAM \
  C:\Users\sergi\AppData\Local\Temp\xcAsdts.o \
  dist/default/production\Counter_mod1572.production.o 

Object code version is 3.11

Machine type is 18F4520



                Name                               Link     Load   Length Selector   Space Scale
C:\Users\sergi\AppData\Local\Temp\xcAsdts.o
                idloc                            200000   200000        8        0       5
                config                           300000   300000        E        0       4
                init                                  E        E        4        4       0
                reset_vec                             0        0        4        0       0
dist/default/production\Counter_mod1572.production.o
                intcode                               8        8        6        4       0
                idloc                            200000   200000        8        0       5
                config                           300000   300000        E        0       4
                temp                                  8        8        1        1       1
                intcode_body                        324      324       1E        4       0
                text5                               2AE      2AE       2C        4       0
                text4                               304      304       20        4       0
                text3                               188      188       EC        4       0
                text2                               342      342        A        4       0
                text1                                12       12      176        4       0
                text0                               274      274       3A        4       0
                cstackCOMRAM                          7        7        1        1       1
                dataCOMRAM                            6        6        1        1       1
                bssCOMRAM                             1        1        5        1       1
                cinit                               2DA      2DA       2A        4       0
                idataCOMRAM                         34C      34C        1        4       0

TOTAL           Name                               Link     Load   Length     Space
        CLASS   CODE           
                intcode                               8        8        6         0
                init                                  E        E        4         0
                reset_vec                             0        0        4         0
                intcode_body                        324      324       1E         0
                text5                               2AE      2AE       2C         0
                text4                               304      304       20         0
                text3                               188      188       EC         0
                text2                               342      342        A         0
                text1                                12       12      176         0
                text0                               274      274       3A         0
                cinit                               2DA      2DA       2A         0
                idataCOMRAM                         34C      34C        1         0

        CLASS   CONST          

        CLASS   SMALLCONST     

        CLASS   MEDIUMCONST    

        CLASS   COMRAM         
                temp                                  8        8        1         1
                cstackCOMRAM                          7        7        1         1
                dataCOMRAM                            6        6        1         1
                bssCOMRAM                             1        1        5         1

        CLASS   ABS1           

        CLASS   BIGRAM         

        CLASS   RAM            

        CLASS   BANK0          

        CLASS   BANK1          

        CLASS   BANK2          

        CLASS   BANK3          

        CLASS   BANK4          

        CLASS   BANK5          

        CLASS   SFR            

        CLASS   BIGSFR         

        CLASS   CONFIG         
                config                           300000   300000        E         4

        CLASS   IDLOC          
                idloc                            200000   200000        8         5

        CLASS   EEDATA         

        CLASS   FARRAM         

        CLASS   HEAP           

        CLASS   STACK          



SEGMENTS        Name                           Load    Length   Top    Selector   Space  Class

                reset_vec                      000000  000004  000004         0       0  CODE    
                bssCOMRAM                      000001  000008  000009         1       1  COMRAM  
                intcode                        000008  000345  00034D         4       0  CODE    


UNUSED ADDRESS RANGES

        Name                Unused          Largest block    Delta
        BANK0            000080-0000FF               80
        BANK1            000100-0001FF              100
        BANK2            000200-0002FF              100
        BANK3            000300-0003FF              100
        BANK4            000400-0004FF              100
        BANK5            000500-0005FF              100
        BIGRAM           000009-0005FF              5F7
        BIGSFR           000F80-000FFF               80
        CODE             000004-000007                4
                         00034D-007FFF             7CB3
        COMRAM           000009-00007F               77
        CONST            000004-000007                4
                         00034D-007FFF             7CB3
        EEDATA           F00000-F000FF              100
        MEDIUMCONST      000600-007FFF             7A00
        RAM              000080-0005FF              100
        SFR              000F80-000FFF               80
        SMALLCONST       000600-007FFF              100

                                  Symbol Table

_ADCON1                  (abs)        000FC1
_GIE                     (abs)        007F97
_INT0IE                  (abs)        007F94
_INT0IF                  (abs)        007F91
_INTEDG0                 (abs)        007F8E
_IPEN                    (abs)        007E87
_ISR                     intcode      000008
_LATB                    (abs)        000F8A
_LATD                    (abs)        000F8C
_PEIE                    (abs)        007F96
_PORTB                   (abs)        000F81
_PORTD                   (abs)        000F83
_TRISB                   (abs)        000F93
_TRISD                   (abs)        000F95
_Var_BCD_code            bssCOMRAM    000003
_Var_CE                  bssCOMRAM    000005
_Var_CLK_Flag            bssCOMRAM    000001
_Var_TC10                bssCOMRAM    000004
_Var_data                bssCOMRAM    000002
__HRAM                   (abs)        000000
__Habs1                  abs1         000000
__Hbank0                 bank0        000000
__Hbank1                 bank1        000000
__Hbank2                 bank2        000000
__Hbank3                 bank3        000000
__Hbank4                 bank4        000000
__Hbank5                 bank5        000000
__Hbigbss                bigbss       000000
__Hbigdata               bigdata      000000
__Hbigram                bigram       000000
__Hbigsfr                bigsfr       000000
__Hbss                   bss          000000
__HbssCOMRAM             bssCOMRAM    000000
__Hcinit                 cinit        000000
__Hclrtext               clrtext      000000
__Hcomram                comram       000000
__Hconfig                config       30000E
__Hconst                 const        000000
__HcstackCOMRAM          cstackCOMRAM 000000
__Hdata                  data         000000
__HdataCOMRAM            dataCOMRAM   000000
__Heeprom_data           eeprom_data  000000
__Hfarbss                farbss       000000
__Hfardata               fardata      000000
__Hheap                  heap         000000
__Hibigdata              ibigdata     000000
__Hidata                 idata        000000
__HidataCOMRAM           idataCOMRAM  000000
__Hidloc                 idloc        200008
__Hifardata              ifardata     000000
__Hinit                  init         000012
__Hintcode               intcode      00000E
__Hintcode_body          intcode_body 000000
__Hintcodelo             intcodelo    00000E
__Hintentry              intentry     000000
__Hintret                intret       000000
__Hintsave_regs          intsave_regs 000000
__Hirdata                irdata       000000
__Hmediumconst           mediumconst  000000
__HnvFARRAM              nvFARRAM     000000
__Hnvbit                 nvbit        000000
__Hnvrram                nvrram       000000
__Hparam                 rparam       000000
__Hpowerup               powerup      00000E
__Hram                   ram          000000
__Hramtop                ramtop       000600
__Hrbit                  rbit         000000
__Hrbss                  rbss         000000
__Hrdata                 rdata        000000
__Hreset_vec             reset_vec    000004
__Hrparam                rparam       000000
__Hsfr                   sfr          000000
__Hsmallconst            smallconst   000000
__Hspace_0               (abs)        000600
__Hspace_1               (abs)        000009
__Hspace_2               (abs)        000000
__Hspace_4               (abs)        60000E
__Hstack                 stack        000000
__Hstruct                struct       000000
__Htemp                  temp         000009
__Htext                  text         000000
__Htext0                 text0        000000
__Htext1                 text1        000000
__Htext2                 text2        000000
__Htext3                 text3        000000
__Htext4                 text4        000000
__Htext5                 text5        000000
__LRAM                   (abs)        000001
__Labs1                  abs1         000000
__Lbank0                 bank0        000000
__Lbank1                 bank1        000000
__Lbank2                 bank2        000000
__Lbank3                 bank3        000000
__Lbank4                 bank4        000000
__Lbank5                 bank5        000000
__Lbigbss                bigbss       000000
__Lbigdata               bigdata      000000
__Lbigram                bigram       000000
__Lbigsfr                bigsfr       000000
__Lbss                   bss          000000
__LbssCOMRAM             bssCOMRAM    000000
__Lcinit                 cinit        000000
__Lclrtext               clrtext      000000
__Lcomram                comram       000000
__Lconfig                config       000000
__Lconst                 const        000000
__LcstackCOMRAM          cstackCOMRAM 000000
__Ldata                  data         000000
__LdataCOMRAM            dataCOMRAM   000000
__Leeprom_data           eeprom_data  000000
__Lfarbss                farbss       000000
__Lfardata               fardata      000000
__Lheap                  heap         000000
__Libigdata              ibigdata     000000
__Lidata                 idata        000000
__LidataCOMRAM           idataCOMRAM  000000
__Lidloc                 idloc        000000
__Lifardata              ifardata     000000
__Linit                  init         00000E
__Lintcode               intcode      000008
__Lintcode_body          intcode_body 000000
__Lintcodelo             intcodelo    00000E
__Lintentry              intentry     000000
__Lintret                intret       000000
__Lintsave_regs          intsave_regs 000000
__Lirdata                irdata       000000
__Lmediumconst           mediumconst  000000
__LnvFARRAM              nvFARRAM     000000
__Lnvbit                 nvbit        000000
__Lnvrram                nvrram       000000
__Lparam                 rparam       000000
__Lpowerup               powerup      00000E
__Lram                   ram          000000
__Lramtop                ramtop       000600
__Lrbit                  rbit         000000
__Lrbss                  rbss         000000
__Lrdata                 rdata        000000
__Lreset_vec             reset_vec    000000
__Lrparam                rparam       000000
__Lsfr                   sfr          000000
__Lsmallconst            smallconst   000000
__Lspace_0               (abs)        000000
__Lspace_1               (abs)        000000
__Lspace_2               (abs)        000000
__Lspace_4               (abs)        000000
__Lstack                 stack        000000
__Lstruct                struct       000000
__Ltemp                  temp         000008
__Ltext                  text         000000
__Ltext0                 text0        000000
__Ltext1                 text1        000000
__Ltext2                 text2        000000
__Ltext3                 text3        000000
__Ltext4                 text4        000000
__Ltext5                 text5        000000
__S0                     (abs)        00034D
__S1                     (abs)        000009
__S4                     (abs)        000000
__S5                     (abs)        000000
___heap_hi               (abs)        000000
___heap_lo               (abs)        000000
___inthi_sp              stack        000000
___intlo_sp              stack        000000
___param_bank            (abs)        000000
___rparam_used           (abs)        000001
___sp                    stack        000000
__accesstop              (abs)        000080
__activetblptr           (abs)        000002
__end_of_ISR             intcode_body 000342
__end_of__initialization cinit        0002F6
__end_of_init_system     text5        0002DA
__end_of_main            text0        0002AE
__end_of_output_logic    text3        000274
__end_of_read_inputs     text2        00034C
__end_of_state_logic     text1        000188
__end_of_write_outputs   text4        000324
__initialization         cinit        0002DA
__mediumconst            mediumconst  000000
__pbssCOMRAM             bssCOMRAM    000001
__pcinit                 cinit        0002DA
__pcstackCOMRAM          cstackCOMRAM 000007
__pdataCOMRAM            dataCOMRAM   000006
__pidataCOMRAM           idataCOMRAM  00034C
__pintcode               intcode      000008
__pintcode_body          intcode_body 000324
__ptext0                 text0        000274
__ptext1                 text1        000012
__ptext2                 text2        000342
__ptext3                 text3        000188
__ptext4                 text4        000304
__ptext5                 text5        0002AE
__ramtop                 ramtop       000600
__smallconst             smallconst   000000
_current_state           dataCOMRAM   000006
_init_system             text5        0002AE
_main                    text0        000274
_output_logic            text3        000188
_read_inputs             text2        000342
_state_logic             text1        000012
_write_outputs           text4        000304
btemp                    temp         000008
end_of_initialization    cinit        0002F6
int$flags                temp         000008
int_func                 intcode_body 000324
intlevel0                text         000000
intlevel1                text         000000
intlevel2                text         000000
intlevel3                text         000000
isa$std                  (abs)        000001
isa$xinst                (abs)        000000
output_logic@error       cstackCOMRAM 000007
stackhi                  (abs)        000000
stacklo                  (abs)        000000
start                    init         00000E
start_initialization     cinit        0002DA
state_logic@error        cstackCOMRAM 000007
ttemp5                   temp         000009
ttemp6                   temp         00000C
ttemp7                   temp         000010
wtemp8                   temp         000009


MODULE INFORMATION

Module		Function		Class		Link	Load	Size
../Counter_BCD_1digit/counter_BCD_1digit.c
		_ISR           		CODE           	0008	0000	36
		_init_system   		CODE           	02AE	0000	44
		_main          		CODE           	0274	0000	58
		_state_logic   		CODE           	0012	0000	374
		_read_inputs   		CODE           	0342	0000	10
		_output_logic  		CODE           	0188	0000	236
		_write_outputs 		CODE           	0304	0000	32

../Counter_BCD_1digit/counter_BCD_1digit.c estimated size: 790

shared
		__initialization		CODE           	02DA	0000	28

shared estimated size: 28

