Analysis & Synthesis report for Prog_Timer
Fri May 13 11:26:06 2022
Quartus Prime Version 20.1.1 Build 720 11/11/2020 SJ Lite Edition


---------------------
; Table of Contents ;
---------------------
  1. Legal Notice
  2. Analysis & Synthesis Summary
  3. Analysis & Synthesis Settings
  4. Parallel Compilation
  5. Analysis & Synthesis Source Files Read
  6. Analysis & Synthesis Resource Usage Summary
  7. Analysis & Synthesis Resource Utilization by Entity
  8. State Machine - |Prog_Timer|Control_unit:Control_unit_1|current_state
  9. User-Specified and Inferred Latches
 10. General Register Statistics
 11. Multiplexer Restructuring Statistics (Restructuring Performed)
 12. Port Connectivity Checks: "Datapath:Datapath_1|Comp_24bit:Comp_24bit_1"
 13. Port Connectivity Checks: "Datapath:Datapath_1|Counter_16M:Counter_16M_1"
 14. Post-Synthesis Netlist Statistics for Top Partition
 15. Elapsed Time Per Partition
 16. Analysis & Synthesis Messages



----------------
; Legal Notice ;
----------------
Copyright (C) 2020  Intel Corporation. All rights reserved.
Your use of Intel Corporation's design tools, logic functions 
and other software and tools, and any partner logic 
functions, and any output files from any of the foregoing 
(including device programming or simulation files), and any 
associated documentation or information are expressly subject 
to the terms and conditions of the Intel Program License 
Subscription Agreement, the Intel Quartus Prime License Agreement,
the Intel FPGA IP License Agreement, or other applicable license
agreement, including, without limitation, that your use is for
the sole purpose of programming logic devices manufactured by
Intel and sold by Intel or its authorized distributors.  Please
refer to the applicable agreement for further details, at
https://fpgasoftware.intel.com/eula.



+----------------------------------------------------------------------------------+
; Analysis & Synthesis Summary                                                     ;
+------------------------------------+---------------------------------------------+
; Analysis & Synthesis Status        ; Successful - Fri May 13 11:26:06 2022       ;
; Quartus Prime Version              ; 20.1.1 Build 720 11/11/2020 SJ Lite Edition ;
; Revision Name                      ; Prog_Timer                                  ;
; Top-level Entity Name              ; Prog_Timer                                  ;
; Family                             ; Cyclone IV E                                ;
; Total logic elements               ; 79                                          ;
;     Total combinational functions  ; 55                                          ;
;     Dedicated logic registers      ; 53                                          ;
; Total registers                    ; 53                                          ;
; Total pins                         ; 29                                          ;
; Total virtual pins                 ; 0                                           ;
; Total memory bits                  ; 0                                           ;
; Embedded Multiplier 9-bit elements ; 0                                           ;
; Total PLLs                         ; 0                                           ;
+------------------------------------+---------------------------------------------+


+------------------------------------------------------------------------------------------------------------+
; Analysis & Synthesis Settings                                                                              ;
+------------------------------------------------------------------+--------------------+--------------------+
; Option                                                           ; Setting            ; Default Value      ;
+------------------------------------------------------------------+--------------------+--------------------+
; Device                                                           ; EP4CE115F29C7      ;                    ;
; Top-level entity name                                            ; Prog_Timer         ; Prog_Timer         ;
; Family name                                                      ; Cyclone IV E       ; Cyclone V          ;
; Use smart compilation                                            ; Off                ; Off                ;
; Enable parallel Assembler and Timing Analyzer during compilation ; On                 ; On                 ;
; Enable compact report table                                      ; Off                ; Off                ;
; Restructure Multiplexers                                         ; Auto               ; Auto               ;
; Create Debugging Nodes for IP Cores                              ; Off                ; Off                ;
; Preserve fewer node names                                        ; On                 ; On                 ;
; Intel FPGA IP Evaluation Mode                                    ; Enable             ; Enable             ;
; Verilog Version                                                  ; Verilog_2001       ; Verilog_2001       ;
; VHDL Version                                                     ; VHDL_1993          ; VHDL_1993          ;
; State Machine Processing                                         ; Auto               ; Auto               ;
; Safe State Machine                                               ; Off                ; Off                ;
; Extract Verilog State Machines                                   ; On                 ; On                 ;
; Extract VHDL State Machines                                      ; On                 ; On                 ;
; Ignore Verilog initial constructs                                ; Off                ; Off                ;
; Iteration limit for constant Verilog loops                       ; 5000               ; 5000               ;
; Iteration limit for non-constant Verilog loops                   ; 250                ; 250                ;
; Add Pass-Through Logic to Inferred RAMs                          ; On                 ; On                 ;
; Infer RAMs from Raw Logic                                        ; On                 ; On                 ;
; Parallel Synthesis                                               ; On                 ; On                 ;
; DSP Block Balancing                                              ; Auto               ; Auto               ;
; NOT Gate Push-Back                                               ; On                 ; On                 ;
; Power-Up Don't Care                                              ; On                 ; On                 ;
; Remove Redundant Logic Cells                                     ; Off                ; Off                ;
; Remove Duplicate Registers                                       ; On                 ; On                 ;
; Ignore CARRY Buffers                                             ; Off                ; Off                ;
; Ignore CASCADE Buffers                                           ; Off                ; Off                ;
; Ignore GLOBAL Buffers                                            ; Off                ; Off                ;
; Ignore ROW GLOBAL Buffers                                        ; Off                ; Off                ;
; Ignore LCELL Buffers                                             ; Off                ; Off                ;
; Ignore SOFT Buffers                                              ; On                 ; On                 ;
; Limit AHDL Integers to 32 Bits                                   ; Off                ; Off                ;
; Optimization Technique                                           ; Balanced           ; Balanced           ;
; Carry Chain Length                                               ; 70                 ; 70                 ;
; Auto Carry Chains                                                ; On                 ; On                 ;
; Auto Open-Drain Pins                                             ; On                 ; On                 ;
; Perform WYSIWYG Primitive Resynthesis                            ; Off                ; Off                ;
; Auto ROM Replacement                                             ; On                 ; On                 ;
; Auto RAM Replacement                                             ; On                 ; On                 ;
; Auto DSP Block Replacement                                       ; On                 ; On                 ;
; Auto Shift Register Replacement                                  ; Auto               ; Auto               ;
; Allow Shift Register Merging across Hierarchies                  ; Auto               ; Auto               ;
; Auto Clock Enable Replacement                                    ; On                 ; On                 ;
; Strict RAM Replacement                                           ; Off                ; Off                ;
; Allow Synchronous Control Signals                                ; On                 ; On                 ;
; Force Use of Synchronous Clear Signals                           ; Off                ; Off                ;
; Auto RAM Block Balancing                                         ; On                 ; On                 ;
; Auto RAM to Logic Cell Conversion                                ; Off                ; Off                ;
; Auto Resource Sharing                                            ; Off                ; Off                ;
; Allow Any RAM Size For Recognition                               ; Off                ; Off                ;
; Allow Any ROM Size For Recognition                               ; Off                ; Off                ;
; Allow Any Shift Register Size For Recognition                    ; Off                ; Off                ;
; Use LogicLock Constraints during Resource Balancing              ; On                 ; On                 ;
; Ignore translate_off and synthesis_off directives                ; Off                ; Off                ;
; Timing-Driven Synthesis                                          ; On                 ; On                 ;
; Report Parameter Settings                                        ; On                 ; On                 ;
; Report Source Assignments                                        ; On                 ; On                 ;
; Report Connectivity Checks                                       ; On                 ; On                 ;
; Ignore Maximum Fan-Out Assignments                               ; Off                ; Off                ;
; Synchronization Register Chain Length                            ; 2                  ; 2                  ;
; Power Optimization During Synthesis                              ; Normal compilation ; Normal compilation ;
; HDL message level                                                ; Level2             ; Level2             ;
; Suppress Register Optimization Related Messages                  ; Off                ; Off                ;
; Number of Removed Registers Reported in Synthesis Report         ; 5000               ; 5000               ;
; Number of Swept Nodes Reported in Synthesis Report               ; 5000               ; 5000               ;
; Number of Inverted Registers Reported in Synthesis Report        ; 100                ; 100                ;
; Clock MUX Protection                                             ; On                 ; On                 ;
; Auto Gated Clock Conversion                                      ; Off                ; Off                ;
; Block Design Naming                                              ; Auto               ; Auto               ;
; SDC constraint protection                                        ; Off                ; Off                ;
; Synthesis Effort                                                 ; Auto               ; Auto               ;
; Shift Register Replacement - Allow Asynchronous Clear Signal     ; On                 ; On                 ;
; Pre-Mapping Resynthesis Optimization                             ; Off                ; Off                ;
; Analysis & Synthesis Message Level                               ; Medium             ; Medium             ;
; Disable Register Merging Across Hierarchies                      ; Auto               ; Auto               ;
; Resource Aware Inference For Block RAM                           ; On                 ; On                 ;
+------------------------------------------------------------------+--------------------+--------------------+


+------------------------------------------+
; Parallel Compilation                     ;
+----------------------------+-------------+
; Processors                 ; Number      ;
+----------------------------+-------------+
; Number detected on machine ; 16          ;
; Maximum allowed            ; 16          ;
;                            ;             ;
; Average used               ; 1.00        ;
; Maximum used               ; 16          ;
;                            ;             ;
; Usage by Processor         ; % Time Used ;
;     Processor 1            ; 100.0%      ;
;     Processors 2-16        ;   0.0%      ;
+----------------------------+-------------+


+-----------------------------------------------------------------------------------------------------------------------------+
; Analysis & Synthesis Source Files Read                                                                                      ;
+----------------------------------+-----------------+-----------------+--------------------------------------------+---------+
; File Name with User-Entered Path ; Used in Netlist ; File Type       ; File Name with Absolute Path               ; Library ;
+----------------------------------+-----------------+-----------------+--------------------------------------------+---------+
; Prog_Timer.vhd                   ; yes             ; User VHDL File  ; C:/CSD/P_CH2/Prog_Timer/Prog_Timer.vhd     ;         ;
; Data_reg_24bit.vhd               ; yes             ; User VHDL File  ; C:/CSD/P_CH2/Prog_Timer/Data_reg_24bit.vhd ;         ;
; Datapath.vhd                     ; yes             ; User VHDL File  ; C:/CSD/P_CH2/Prog_Timer/Datapath.vhd       ;         ;
; Counter_16M.vhd                  ; yes             ; User VHDL File  ; C:/CSD/P_CH2/Prog_Timer/Counter_16M.vhd    ;         ;
; Control_unit.vhd                 ; yes             ; User VHDL File  ; C:/CSD/P_CH2/Prog_Timer/Control_unit.vhd   ;         ;
; Comp_4bit.vhd                    ; yes             ; User VHDL File  ; C:/CSD/P_CH2/Prog_Timer/Comp_4bit.vhd      ;         ;
; Comp_24bit.vhd                   ; yes             ; User VHDL File  ; C:/CSD/P_CH2/Prog_Timer/Comp_24bit.vhd     ;         ;
; Comp_1bit.vhd                    ; yes             ; User VHDL File  ; C:/CSD/P_CH2/Prog_Timer/Comp_1bit.vhd      ;         ;
+----------------------------------+-----------------+-----------------+--------------------------------------------+---------+


+---------------------------------------------------------+
; Analysis & Synthesis Resource Usage Summary             ;
+---------------------------------------------+-----------+
; Resource                                    ; Usage     ;
+---------------------------------------------+-----------+
; Estimated Total logic elements              ; 79        ;
;                                             ;           ;
; Total combinational functions               ; 55        ;
; Logic element usage by number of LUT inputs ;           ;
;     -- 4 input functions                    ; 24        ;
;     -- 3 input functions                    ; 5         ;
;     -- <=2 input functions                  ; 26        ;
;                                             ;           ;
; Logic elements by mode                      ;           ;
;     -- normal mode                          ; 32        ;
;     -- arithmetic mode                      ; 23        ;
;                                             ;           ;
; Total registers                             ; 53        ;
;     -- Dedicated logic registers            ; 53        ;
;     -- I/O registers                        ; 0         ;
;                                             ;           ;
; I/O pins                                    ; 29        ;
;                                             ;           ;
; Embedded Multiplier 9-bit elements          ; 0         ;
;                                             ;           ;
; Maximum fan-out node                        ; CLK~input ;
; Maximum fan-out                             ; 53        ;
; Total fan-out                               ; 423       ;
; Average fan-out                             ; 2.55      ;
+---------------------------------------------+-----------+


+----------------------------------------------------------------------------------------------------------------------------------------------------------------------------------------------------------------------------------------------------------------------------------------------+
; Analysis & Synthesis Resource Utilization by Entity                                                                                                                                                                                                                                          ;
+-----------------------------------------+---------------------+---------------------------+-------------+--------------+---------+-----------+------+--------------+-----------------------------------------------------------------------------------------+----------------+--------------+
; Compilation Hierarchy Node              ; Combinational ALUTs ; Dedicated Logic Registers ; Memory Bits ; DSP Elements ; DSP 9x9 ; DSP 18x18 ; Pins ; Virtual Pins ; Full Hierarchy Name                                                                     ; Entity Name    ; Library Name ;
+-----------------------------------------+---------------------+---------------------------+-------------+--------------+---------+-----------+------+--------------+-----------------------------------------------------------------------------------------+----------------+--------------+
; |Prog_Timer                             ; 55 (0)              ; 53 (0)                    ; 0           ; 0            ; 0       ; 0         ; 29   ; 0            ; |Prog_Timer                                                                             ; Prog_Timer     ; work         ;
;    |Control_unit:Control_unit_1|        ; 6 (6)               ; 5 (5)                     ; 0           ; 0            ; 0       ; 0         ; 0    ; 0            ; |Prog_Timer|Control_unit:Control_unit_1                                                 ; Control_unit   ; work         ;
;    |Datapath:Datapath_1|                ; 49 (0)              ; 48 (0)                    ; 0           ; 0            ; 0       ; 0         ; 0    ; 0            ; |Prog_Timer|Datapath:Datapath_1                                                         ; Datapath       ; work         ;
;       |Comp_24bit:Comp_24bit_1|         ; 16 (0)              ; 0 (0)                     ; 0           ; 0            ; 0       ; 0         ; 0    ; 0            ; |Prog_Timer|Datapath:Datapath_1|Comp_24bit:Comp_24bit_1                                 ; Comp_24bit     ; work         ;
;          |Comp_4bit:Chip6|              ; 16 (0)              ; 0 (0)                     ; 0           ; 0            ; 0       ; 0         ; 0    ; 0            ; |Prog_Timer|Datapath:Datapath_1|Comp_24bit:Comp_24bit_1|Comp_4bit:Chip6                 ; Comp_4bit      ; work         ;
;             |Comp_1bit:Chip4|           ; 16 (16)             ; 0 (0)                     ; 0           ; 0            ; 0       ; 0         ; 0    ; 0            ; |Prog_Timer|Datapath:Datapath_1|Comp_24bit:Comp_24bit_1|Comp_4bit:Chip6|Comp_1bit:Chip4 ; Comp_1bit      ; work         ;
;       |Counter_16M:Counter_16M_1|       ; 33 (33)             ; 24 (24)                   ; 0           ; 0            ; 0       ; 0         ; 0    ; 0            ; |Prog_Timer|Datapath:Datapath_1|Counter_16M:Counter_16M_1                               ; Counter_16M    ; work         ;
;       |Data_reg_24bit:Data_reg_24bit_1| ; 0 (0)               ; 24 (24)                   ; 0           ; 0            ; 0       ; 0         ; 0    ; 0            ; |Prog_Timer|Datapath:Datapath_1|Data_reg_24bit:Data_reg_24bit_1                         ; Data_reg_24bit ; work         ;
+-----------------------------------------+---------------------+---------------------------+-------------+--------------+---------+-----------+------+--------------+-----------------------------------------------------------------------------------------+----------------+--------------+
Note: For table entries with two numbers listed, the numbers in parentheses indicate the number of resources of the given type used by the specific entity alone. The numbers listed outside of parentheses indicate the total resources of the given type used by the specific entity and all of its sub-entities in the hierarchy.


Encoding Type:  One-Hot
+---------------------------------------------------------------------------------------------------------------------------------------------------------------+
; State Machine - |Prog_Timer|Control_unit:Control_unit_1|current_state                                                                                         ;
+-----------------------------+-----------------------------+-------------------------+----------------------+-----------------------------+--------------------+
; Name                        ; current_state.Trigger_Check ; current_state.End_Pulse ; current_state.Timing ; current_state.Load_Register ; current_state.Idle ;
+-----------------------------+-----------------------------+-------------------------+----------------------+-----------------------------+--------------------+
; current_state.Idle          ; 0                           ; 0                       ; 0                    ; 0                           ; 0                  ;
; current_state.Load_Register ; 0                           ; 0                       ; 0                    ; 1                           ; 1                  ;
; current_state.Timing        ; 0                           ; 0                       ; 1                    ; 0                           ; 1                  ;
; current_state.End_Pulse     ; 0                           ; 1                       ; 0                    ; 0                           ; 1                  ;
; current_state.Trigger_Check ; 1                           ; 0                       ; 0                    ; 0                           ; 1                  ;
+-----------------------------+-----------------------------+-------------------------+----------------------+-----------------------------+--------------------+


+-------------------------------------------------------------------------------------------------------------------------------+
; User-Specified and Inferred Latches                                                                                           ;
+--------------------------------------------------------------------------------+---------------------+------------------------+
; Latch Name                                                                     ; Latch Enable Signal ; Free of Timing Hazards ;
+--------------------------------------------------------------------------------+---------------------+------------------------+
; Datapath:Datapath_1|Comp_24bit:Comp_24bit_1|Comp_4bit:Chip6|Comp_1bit:Chip4|Eq ; VCC                 ; yes                    ;
; Datapath:Datapath_1|Comp_24bit:Comp_24bit_1|Comp_4bit:Chip6|Comp_1bit:Chip3|Eq ; VCC                 ; yes                    ;
; Datapath:Datapath_1|Comp_24bit:Comp_24bit_1|Comp_4bit:Chip6|Comp_1bit:Chip2|Eq ; VCC                 ; yes                    ;
; Datapath:Datapath_1|Comp_24bit:Comp_24bit_1|Comp_4bit:Chip6|Comp_1bit:Chip1|Eq ; VCC                 ; yes                    ;
; Datapath:Datapath_1|Comp_24bit:Comp_24bit_1|Comp_4bit:Chip5|Comp_1bit:Chip4|Eq ; VCC                 ; yes                    ;
; Datapath:Datapath_1|Comp_24bit:Comp_24bit_1|Comp_4bit:Chip5|Comp_1bit:Chip3|Eq ; VCC                 ; yes                    ;
; Datapath:Datapath_1|Comp_24bit:Comp_24bit_1|Comp_4bit:Chip5|Comp_1bit:Chip2|Eq ; VCC                 ; yes                    ;
; Datapath:Datapath_1|Comp_24bit:Comp_24bit_1|Comp_4bit:Chip5|Comp_1bit:Chip1|Eq ; VCC                 ; yes                    ;
; Datapath:Datapath_1|Comp_24bit:Comp_24bit_1|Comp_4bit:Chip4|Comp_1bit:Chip4|Eq ; VCC                 ; yes                    ;
; Datapath:Datapath_1|Comp_24bit:Comp_24bit_1|Comp_4bit:Chip4|Comp_1bit:Chip3|Eq ; VCC                 ; yes                    ;
; Datapath:Datapath_1|Comp_24bit:Comp_24bit_1|Comp_4bit:Chip4|Comp_1bit:Chip2|Eq ; VCC                 ; yes                    ;
; Datapath:Datapath_1|Comp_24bit:Comp_24bit_1|Comp_4bit:Chip4|Comp_1bit:Chip1|Eq ; VCC                 ; yes                    ;
; Datapath:Datapath_1|Comp_24bit:Comp_24bit_1|Comp_4bit:Chip3|Comp_1bit:Chip4|Eq ; VCC                 ; yes                    ;
; Datapath:Datapath_1|Comp_24bit:Comp_24bit_1|Comp_4bit:Chip3|Comp_1bit:Chip3|Eq ; VCC                 ; yes                    ;
; Datapath:Datapath_1|Comp_24bit:Comp_24bit_1|Comp_4bit:Chip3|Comp_1bit:Chip2|Eq ; VCC                 ; yes                    ;
; Datapath:Datapath_1|Comp_24bit:Comp_24bit_1|Comp_4bit:Chip3|Comp_1bit:Chip1|Eq ; VCC                 ; yes                    ;
; Datapath:Datapath_1|Comp_24bit:Comp_24bit_1|Comp_4bit:Chip2|Comp_1bit:Chip4|Eq ; VCC                 ; yes                    ;
; Datapath:Datapath_1|Comp_24bit:Comp_24bit_1|Comp_4bit:Chip2|Comp_1bit:Chip3|Eq ; VCC                 ; yes                    ;
; Datapath:Datapath_1|Comp_24bit:Comp_24bit_1|Comp_4bit:Chip2|Comp_1bit:Chip2|Eq ; VCC                 ; yes                    ;
; Datapath:Datapath_1|Comp_24bit:Comp_24bit_1|Comp_4bit:Chip2|Comp_1bit:Chip1|Eq ; VCC                 ; yes                    ;
; Datapath:Datapath_1|Comp_24bit:Comp_24bit_1|Comp_4bit:Chip1|Comp_1bit:Chip4|Eq ; VCC                 ; yes                    ;
; Datapath:Datapath_1|Comp_24bit:Comp_24bit_1|Comp_4bit:Chip1|Comp_1bit:Chip3|Eq ; VCC                 ; yes                    ;
; Datapath:Datapath_1|Comp_24bit:Comp_24bit_1|Comp_4bit:Chip1|Comp_1bit:Chip2|Eq ; VCC                 ; yes                    ;
; Datapath:Datapath_1|Comp_24bit:Comp_24bit_1|Comp_4bit:Chip1|Comp_1bit:Chip1|Eq ; VCC                 ; yes                    ;
; Number of user-specified and inferred latches = 24                             ;                     ;                        ;
+--------------------------------------------------------------------------------+---------------------+------------------------+
Note: All latches listed above may not be present at the end of synthesis due to various synthesis optimizations.


+------------------------------------------------------+
; General Register Statistics                          ;
+----------------------------------------------+-------+
; Statistic                                    ; Value ;
+----------------------------------------------+-------+
; Total registers                              ; 53    ;
; Number of registers using Synchronous Clear  ; 24    ;
; Number of registers using Synchronous Load   ; 0     ;
; Number of registers using Asynchronous Clear ; 53    ;
; Number of registers using Asynchronous Load  ; 0     ;
; Number of registers using Clock Enable       ; 48    ;
; Number of registers using Preset             ; 0     ;
+----------------------------------------------+-------+


+-------------------------------------------------------------------------------------------------------------------------------------------------------------------------------------------+
; Multiplexer Restructuring Statistics (Restructuring Performed)                                                                                                                            ;
+--------------------+-----------+---------------+----------------------+------------------------+------------+-----------------------------------------------------------------------------+
; Multiplexer Inputs ; Bus Width ; Baseline Area ; Area if Restructured ; Saving if Restructured ; Registered ; Example Multiplexer Output                                                  ;
+--------------------+-----------+---------------+----------------------+------------------------+------------+-----------------------------------------------------------------------------+
; 4:1                ; 24 bits   ; 48 LEs        ; 24 LEs               ; 24 LEs                 ; Yes        ; |Prog_Timer|Datapath:Datapath_1|Counter_16M:Counter_16M_1|present_state[23] ;
+--------------------+-----------+---------------+----------------------+------------------------+------------+-----------------------------------------------------------------------------+


+----------------------------------------------------------------------------------------------------------------+
; Port Connectivity Checks: "Datapath:Datapath_1|Comp_24bit:Comp_24bit_1"                                        ;
+------+--------+----------+-------------------------------------------------------------------------------------+
; Port ; Type   ; Severity ; Details                                                                             ;
+------+--------+----------+-------------------------------------------------------------------------------------+
; gi   ; Input  ; Info     ; Stuck at GND                                                                        ;
; ei   ; Input  ; Info     ; Stuck at VCC                                                                        ;
; li   ; Input  ; Info     ; Stuck at GND                                                                        ;
; gt   ; Output ; Info     ; Connected to dangling logic. Logic that only feeds a dangling port will be removed. ;
; lt   ; Output ; Info     ; Connected to dangling logic. Logic that only feeds a dangling port will be removed. ;
+------+--------+----------+-------------------------------------------------------------------------------------+


+----------------------------------------------------------------------------------------------------------------+
; Port Connectivity Checks: "Datapath:Datapath_1|Counter_16M:Counter_16M_1"                                      ;
+------+--------+----------+-------------------------------------------------------------------------------------+
; Port ; Type   ; Severity ; Details                                                                             ;
+------+--------+----------+-------------------------------------------------------------------------------------+
; ud_l ; Input  ; Info     ; Stuck at VCC                                                                        ;
; din  ; Input  ; Info     ; Stuck at GND                                                                        ;
; tc16 ; Output ; Info     ; Connected to dangling logic. Logic that only feeds a dangling port will be removed. ;
+------+--------+----------+-------------------------------------------------------------------------------------+


+-----------------------------------------------------+
; Post-Synthesis Netlist Statistics for Top Partition ;
+-----------------------+-----------------------------+
; Type                  ; Count                       ;
+-----------------------+-----------------------------+
; boundary_port         ; 29                          ;
; cycloneiii_ff         ; 53                          ;
;     CLR               ; 5                           ;
;     ENA CLR           ; 24                          ;
;     ENA CLR SCLR      ; 24                          ;
; cycloneiii_lcell_comb ; 56                          ;
;     arith             ; 23                          ;
;         2 data inputs ; 23                          ;
;     normal            ; 33                          ;
;         0 data inputs ; 1                           ;
;         1 data inputs ; 1                           ;
;         2 data inputs ; 2                           ;
;         3 data inputs ; 5                           ;
;         4 data inputs ; 24                          ;
;                       ;                             ;
; Max LUT depth         ; 4.00                        ;
; Average LUT depth     ; 2.66                        ;
+-----------------------+-----------------------------+


+-------------------------------+
; Elapsed Time Per Partition    ;
+----------------+--------------+
; Partition Name ; Elapsed Time ;
+----------------+--------------+
; Top            ; 00:00:00     ;
+----------------+--------------+


+-------------------------------+
; Analysis & Synthesis Messages ;
+-------------------------------+
Info: *******************************************************************
Info: Running Quartus Prime Analysis & Synthesis
    Info: Version 20.1.1 Build 720 11/11/2020 SJ Lite Edition
    Info: Processing started: Fri May 13 11:25:58 2022
Info: Command: quartus_map --read_settings_files=on --write_settings_files=off Prog_Timer_prj -c Prog_Timer
Warning (18236): Number of processors has not been specified which may cause overloading on shared machines.  Set the global assignment NUM_PARALLEL_PROCESSORS in your QSF to an appropriate value for best performance.
Info (20030): Parallel compilation is enabled and will use 16 of the 16 processors detected
Info (12021): Found 2 design units, including 1 entities, in source file prog_timer.vhd
    Info (12022): Found design unit 1: Prog_Timer-hierarchical_structure File: C:/CSD/P_CH2/Prog_Timer/Prog_Timer.vhd Line: 15
    Info (12023): Found entity 1: Prog_Timer File: C:/CSD/P_CH2/Prog_Timer/Prog_Timer.vhd Line: 3
Info (12021): Found 2 design units, including 1 entities, in source file data_reg_24bit.vhd
    Info (12022): Found design unit 1: Data_reg_24bit-FSM_like File: C:/CSD/P_CH2/Prog_Timer/Data_reg_24bit.vhd Line: 25
    Info (12023): Found entity 1: Data_reg_24bit File: C:/CSD/P_CH2/Prog_Timer/Data_reg_24bit.vhd Line: 14
Info (12021): Found 2 design units, including 1 entities, in source file datapath_tb.vhd
    Info (12022): Found design unit 1: Datapath_vhd_tst-Datapath_arch File: C:/CSD/P_CH2/Prog_Timer/Datapath_tb.vhd Line: 33
    Info (12023): Found entity 1: Datapath_vhd_tst File: C:/CSD/P_CH2/Prog_Timer/Datapath_tb.vhd Line: 31
Info (12021): Found 2 design units, including 1 entities, in source file datapath.vhd
    Info (12022): Found design unit 1: Datapath-hierarchical_structure File: C:/CSD/P_CH2/Prog_Timer/Datapath.vhd Line: 14
    Info (12023): Found entity 1: Datapath File: C:/CSD/P_CH2/Prog_Timer/Datapath.vhd Line: 3
Info (12021): Found 2 design units, including 1 entities, in source file counter_16m.vhd
    Info (12022): Found design unit 1: Counter_16M-FSM_like File: C:/CSD/P_CH2/Prog_Timer/Counter_16M.vhd Line: 29
    Info (12023): Found entity 1: Counter_16M File: C:/CSD/P_CH2/Prog_Timer/Counter_16M.vhd Line: 16
Info (12021): Found 2 design units, including 1 entities, in source file control_unit_tb.vhd
    Info (12022): Found design unit 1: Control_unit_vhd_tst-Control_unit_arch File: C:/CSD/P_CH2/Prog_Timer/Control_unit_tb.vhd Line: 33
    Info (12023): Found entity 1: Control_unit_vhd_tst File: C:/CSD/P_CH2/Prog_Timer/Control_unit_tb.vhd Line: 31
Info (12021): Found 2 design units, including 1 entities, in source file control_unit.vhd
    Info (12022): Found design unit 1: Control_unit-FSM_like File: C:/CSD/P_CH2/Prog_Timer/Control_unit.vhd Line: 32
    Info (12023): Found entity 1: Control_unit File: C:/CSD/P_CH2/Prog_Timer/Control_unit.vhd Line: 17
Info (12021): Found 2 design units, including 1 entities, in source file comp_9bit_tb.vhd
    Info (12022): Found design unit 1: Comp_9bit_vhd_tst-Comp_9bit_arch File: C:/CSD/P_CH2/Prog_Timer/Comp_9bit_tb.vhd Line: 33
    Info (12023): Found entity 1: Comp_9bit_vhd_tst File: C:/CSD/P_CH2/Prog_Timer/Comp_9bit_tb.vhd Line: 31
Info (12021): Found 2 design units, including 1 entities, in source file comp_4bit.vhd
    Info (12022): Found design unit 1: Comp_4bit-hierarchical_structure File: C:/CSD/P_CH2/Prog_Timer/Comp_4bit.vhd Line: 14
    Info (12023): Found entity 1: Comp_4bit File: C:/CSD/P_CH2/Prog_Timer/Comp_4bit.vhd Line: 3
Info (12021): Found 2 design units, including 1 entities, in source file comp_24bit.vhd
    Info (12022): Found design unit 1: Comp_24bit-hierarchical_structure File: C:/CSD/P_CH2/Prog_Timer/Comp_24bit.vhd Line: 14
    Info (12023): Found entity 1: Comp_24bit File: C:/CSD/P_CH2/Prog_Timer/Comp_24bit.vhd Line: 3
Info (12021): Found 2 design units, including 1 entities, in source file comp_1bit.vhd
    Info (12022): Found design unit 1: Comp_1bit-algorithm File: C:/CSD/P_CH2/Prog_Timer/Comp_1bit.vhd Line: 15
    Info (12023): Found entity 1: Comp_1bit File: C:/CSD/P_CH2/Prog_Timer/Comp_1bit.vhd Line: 5
Info (12127): Elaborating entity "Prog_Timer" for the top level hierarchy
Info (12128): Elaborating entity "Control_unit" for hierarchy "Control_unit:Control_unit_1" File: C:/CSD/P_CH2/Prog_Timer/Prog_Timer.vhd Line: 47
Info (12128): Elaborating entity "Datapath" for hierarchy "Datapath:Datapath_1" File: C:/CSD/P_CH2/Prog_Timer/Prog_Timer.vhd Line: 59
Info (12128): Elaborating entity "Counter_16M" for hierarchy "Datapath:Datapath_1|Counter_16M:Counter_16M_1" File: C:/CSD/P_CH2/Prog_Timer/Datapath.vhd Line: 47
Info (12128): Elaborating entity "Data_reg_24bit" for hierarchy "Datapath:Datapath_1|Data_reg_24bit:Data_reg_24bit_1" File: C:/CSD/P_CH2/Prog_Timer/Datapath.vhd Line: 57
Info (12128): Elaborating entity "Comp_24bit" for hierarchy "Datapath:Datapath_1|Comp_24bit:Comp_24bit_1" File: C:/CSD/P_CH2/Prog_Timer/Datapath.vhd Line: 65
Info (12128): Elaborating entity "Comp_4bit" for hierarchy "Datapath:Datapath_1|Comp_24bit:Comp_24bit_1|Comp_4bit:Chip1" File: C:/CSD/P_CH2/Prog_Timer/Comp_24bit.vhd Line: 27
Info (12128): Elaborating entity "Comp_1bit" for hierarchy "Datapath:Datapath_1|Comp_24bit:Comp_24bit_1|Comp_4bit:Chip1|Comp_1bit:Chip1" File: C:/CSD/P_CH2/Prog_Timer/Comp_4bit.vhd Line: 26
Warning (10631): VHDL Process Statement warning at Comp_1bit.vhd(20): inferring latch(es) for signal or variable "Gt", which holds its previous value in one or more paths through the process File: C:/CSD/P_CH2/Prog_Timer/Comp_1bit.vhd Line: 20
Warning (10631): VHDL Process Statement warning at Comp_1bit.vhd(20): inferring latch(es) for signal or variable "Eq", which holds its previous value in one or more paths through the process File: C:/CSD/P_CH2/Prog_Timer/Comp_1bit.vhd Line: 20
Warning (10631): VHDL Process Statement warning at Comp_1bit.vhd(20): inferring latch(es) for signal or variable "Lt", which holds its previous value in one or more paths through the process File: C:/CSD/P_CH2/Prog_Timer/Comp_1bit.vhd Line: 20
Info (10041): Inferred latch for "Lt" at Comp_1bit.vhd(20) File: C:/CSD/P_CH2/Prog_Timer/Comp_1bit.vhd Line: 20
Info (10041): Inferred latch for "Eq" at Comp_1bit.vhd(20) File: C:/CSD/P_CH2/Prog_Timer/Comp_1bit.vhd Line: 20
Info (10041): Inferred latch for "Gt" at Comp_1bit.vhd(20) File: C:/CSD/P_CH2/Prog_Timer/Comp_1bit.vhd Line: 20
Warning (13024): Output pins are stuck at VCC or GND
    Warning (13410): Pin "ETP" is stuck at GND File: C:/CSD/P_CH2/Prog_Timer/Prog_Timer.vhd Line: 9
Info (286030): Timing-Driven Synthesis is running
Info (16010): Generating hard_block partition "hard_block:auto_generated_inst"
    Info (16011): Adding 0 node(s), including 0 DDIO, 0 PLL, 0 transceiver and 0 LCELL
Info (21057): Implemented 108 device resources after synthesis - the final resource count might be different
    Info (21058): Implemented 27 input pins
    Info (21059): Implemented 2 output pins
    Info (21061): Implemented 79 logic cells
Info: Quartus Prime Analysis & Synthesis was successful. 0 errors, 6 warnings
    Info: Peak virtual memory: 4854 megabytes
    Info: Processing ended: Fri May 13 11:26:06 2022
    Info: Elapsed time: 00:00:08
    Info: Total CPU time (on all processors): 00:00:19


